
Note: No compatibility mode selected!


Circuit: * ordivon bounded kicad -> ngspice bridge v0

Doing analysis at TEMP = 27.000000 and TNOM = 27.000000

Using SPARSE 1.3 as Direct Linear Solver
Note: vtest: has no value, DC 0 assumed
Warning: can't parse 'out#branch': ignored

No. of Data Rows : 1
                  * ordivon bounded kicad -> ngspice bridge v0
                  AC Analysis  Fri Aug 28 17:37:02  2026
--------------------------------------------------------------------------------
Index   frequency       vr(out)         vi(out)         
--------------------------------------------------------------------------------
0	2.340514e+00	5.000000e-01	5.000000e-01	


Total analysis time (seconds) = 0.000159934

Total elapsed time (seconds) = 0.003 

Total DRAM available = 11959.652 MB.
DRAM currently available =  216.176 MB.
Maximum ngspice program size =   27.480 MB.
Current ngspice program size =   12.156 MB.

Shared ngspice pages =   10.562 MB.
Text (code) pages =    5.996 MB.
Stack = 0 bytes.
Library pages =    1.863 MB.

