
Note: No compatibility mode selected!


Circuit: * e0-b prereg v0.2 synthetic model b; pico 2 nominal 3.3 v gpio step

Doing analysis at TEMP = 27.000000 and TNOM = 27.000000

Using SPARSE 1.3 as Direct Linear Solver

Initial Transient Solution
--------------------------

Node                                   Voltage
----                                   -------
in                                           0
out                                          0
v1#branch                                    0


No. of Data Rows : 23522

  Measurements for Transient Analysis

t63                 =   4.70000e-03
v_tau               =  2.08600e+00


Total analysis time (seconds) = 0.023075

Total elapsed time (seconds) = 0.024 

Total DRAM available = 11959.652 MB.
DRAM currently available = 1556.516 MB.
Maximum ngspice program size =   27.848 MB.
Current ngspice program size =   12.504 MB.

Shared ngspice pages =   10.566 MB.
Text (code) pages =    5.996 MB.
Stack = 0 bytes.
Library pages =    2.230 MB.

