
Note: No compatibility mode selected!


Circuit: * e0-b prereg v0.2 synthetic model a; pico 2 nominal 3.3 v gpio step

Doing analysis at TEMP = 27.000000 and TNOM = 27.000000

Using SPARSE 1.3 as Direct Linear Solver

Initial Transient Solution
--------------------------

Node                                   Voltage
----                                   -------
in                                           0
out                                          0
v1#branch                                    0


No. of Data Rows : 15024

  Measurements for Transient Analysis

t63                 =   1.00000e-03
v_tau               =  2.08600e+00


Total analysis time (seconds) = 0.0147193

Total elapsed time (seconds) = 0.022 

Total DRAM available = 11959.652 MB.
DRAM currently available = 1558.305 MB.
Maximum ngspice program size =   27.699 MB.
Current ngspice program size =   12.324 MB.

Shared ngspice pages =   10.516 MB.
Text (code) pages =    5.996 MB.
Stack = 0 bytes.
Library pages =    2.082 MB.

