
Note: No compatibility mode selected!


Circuit: * e0-b prereg synthetic model b

Doing analysis at TEMP = 27.000000 and TNOM = 27.000000

Using SPARSE 1.3 as Direct Linear Solver

Initial Transient Solution
--------------------------

Node                                   Voltage
----                                   -------
in                                           0
out                                          0
v1#branch                                    0


No. of Data Rows : 23522

  Measurements for Transient Analysis

t63                 =   4.70000e-03
v_tau               =  1.89636e+00


Total analysis time (seconds) = 0.022961

Total elapsed time (seconds) = 0.024 

Total DRAM available = 11959.652 MB.
DRAM currently available =  224.090 MB.
Maximum ngspice program size =   27.840 MB.
Current ngspice program size =   12.414 MB.

Shared ngspice pages =   10.480 MB.
Text (code) pages =    5.996 MB.
Stack = 0 bytes.
Library pages =    2.223 MB.

