
Note: No compatibility mode selected!


Circuit: * ordivon laboratory sim-0e — rc step response

Doing analysis at TEMP = 27.000000 and TNOM = 27.000000

Using SPARSE 1.3 as Direct Linear Solver

Initial Transient Solution
--------------------------

Node                                   Voltage
----                                   -------
in                                           0
out                                          0
v1#branch                                    0


No. of Data Rows : 3024

  Measurements for Transient Analysis

t63                 =   1.00000e-03
v1ms                =  3.16060e+00
v5ms                =  4.96631e+00


Total analysis time (seconds) = 0.00414008

Total elapsed time (seconds) = 0.010 

Total DRAM available = 11959.652 MB.
DRAM currently available =  241.285 MB.
Maximum ngspice program size =   27.602 MB.
Current ngspice program size =   12.273 MB.

Shared ngspice pages =   10.652 MB.
Text (code) pages =    5.996 MB.
Stack = 0 bytes.
Library pages =    1.984 MB.

